// Jest Snapshot v1, https://goo.gl/fbAQLP

exports[`Account Edit by ID renders the correct markup 1`] = `
<div>
    <v-layout column="column" justify-center="justify-center" align-center="align-center">
        <v-flex xs12="xs12" sm8="sm8" md6="md6">
            <v-text-field label="Name" hint="e.g. My Binance account"></v-text-field>
            <v-text-field label="API Key"></v-text-field>
            <v-text-field label="API secret"></v-text-field>
            <v-btn>SUBMIT </v-btn>
        </v-flex>
    </v-layout>
</div>
`;
